about
above
according
across
actually
adj
after
afterwards
again
against
all
allright
almost
alone
along
already
alright
also
although
always
among
amongst
and
another
any
anyhow
anyone
anything
anyway
anywhere
are
aren
aren't
around
bad
became
because
become
becomes
becoming
been
before
beforehand
began
begin
beginning
begins
behind
being
below
beside
besides
best
better
between
beyond
billion
billions
both
but
came
can
can't
cannot
caption
captions
come
comes
coming
could
couldn
couldn't
did
didn
didn't
does
doesn
doesn't
don
don't
down
during
each
eight
eighteen
eighty
either
else
elsewhere
end
ended
ending
ends
enough
etc
even
ever
every
everyone
everything
everywhere
except
far
farther
few
fewer
fifteen
fifty
first
firstly
five
for
former
formerly
forty
found
four
fourteen
fourty
from
further
good
great
greater
greatest
had
half
has
hasn
hasn't
have
haven
haven't
having
hence
her
here
hereafter
hereby
herein
hereupon
hers
herself
him
himself
his
how
however
hundred
hundreds
i.e.
inc
indeed
instead
into
isn
isn't
its
itself
just
last
later
latter
least
less
lesser
let
let's
lets
letting
like
liked
likely
likes
likewise
ltd
made
make
makes
making
many
may
maybe
meantime
meanwhile
might
million
millions
miss
more
moreover
most
mostly
mrs
much
must
mustn't
my
myself
namely
neither
never
nevertheless
next
nine
nineteen
ninety
nobody
none
nonetheless
noone
nor
not
nothing
now
nowhere
off
often
once
one
only
onto
other
others
otherwise
our
ours
ourselves
out
over
overall
own
per
perhaps
rather
really
recent
recently
same
saw
second
seconds
see
seem
seemed
seeming
seems
seen
seven
seventeen
seventy
several
shall
she
should
shouldn
shouldn't
since
six
sixteen
sixty
some
somehow
someone
something
sometime
sometimes
somewhere
still
stop
such
take
taken
taking
ten
tens
than
that
the
their
them
themselves
then
thence
there
thereafter
thereby
therefore
therein
thereupon
these
they
third
thirteen
thirty
this
thorough
those
though
thousand
thousands
three
through
throughout
thru
thus
thusly
together
too
took
toward
towards
trillion
trillions
twelve
twenty
two
under
unless
unlike
unlikely
until
upon
us
use
used
uses
using
usual
usually
varied
various
vary
very
via
want
was
wasn
wasn't
way
well
were
weren
weren't
what
whatever
when
whence
whenever
where
whereafter
whereas
whereby
wherein
whereupon
wherever
whether
which
while
whither
who
whoever
whole
whom
whomever
whose
why
will
with
within
without
won
won't
worse
would
wouldn
wouldn't
yes
yet
you
you'll
you're
your
yours
yourself
yourselves
zero
