a
abbr
access
acronym
action
address
applet
area
article
aside
audio
b
base
basefont
bdi
bdo
big
blink
blockcode
blockquote
body
br
button
canvas
caption
center
cite
code
col
colgroup
data
datalist
dd
del
dfn
di
dir
div
dl
dt
em
embed
fieldset
figcaption
figure
font
footer
form
frame
frameset
group
h
h1
h2
h3
h4
h5
h6
head
header
heading
hr
html
i
iframe
ilayer
img
input
ins
isindex
kbd
keygen
l
label
layer
legend
li
line
link
map
mark
menu
meta
meter
multicol
name
nav
nl
nobr
noembed
noframes
nolayer
noscript
object
ol
optgroup
option
output
p
param
plaintext
pre
progress
q
quote
rb
rbc
rp
rt
rtc
ruby
s
samp
script
section
select
server
small
source
spacer
span
strike
strong
style
sub
summary
sup
table
tbody
td
template
textarea
tfoot
th
thead
time
title
tr
track
tt
u
ul
var
video
wbr
xmp
