.

index: ranking index...
index: writing index...

index: done:
  4 indexed
  1482 words, 590 indexed, 229 unique

