
index: done:
  4 indexed
  4878 words, 1838 indexed, 487 unique

