.

index: ranking index...
index: writing index...

index: done:
  9 indexed
  7629 words, 3014 indexed, 755 unique

