
index: done:
  6 indexed
  95382 words, 34836 indexed, 8091 unique

