
.:
  info_group.rtf (38 words)
  sample.rtf (114 words)
  table_1.rtf (157 words)
  testrtf.rtf (317 words)

index: ranking index...
index: writing index...

index: done:
  4 indexed
  1533 words, 626 indexed, 229 unique

