
index: done:
  3 indexed
  1459 words, 571 indexed, 199 unique

