# results: 1
100 ./Time_Machine,_The.txt 182203 Time_Machine,_The.txt
