abruptly
absence
absent-minded
absolute
absolutely
absorbed
abstain

