# results: 1
100 html/no_index.html 397 No Index Test
