7-bit
  1 137174 html/swishxx/features.html 15025 SWISH++ Features

8-bit
  1 137174 html/swishxx/features.html 15025 SWISH++ Features

ability
  2 24447 html/swishxx/features.html 15025 SWISH++ Features
  4 144863 html/swishxx/to-do.html 3654 SWISH++ To-Do List

able
  1 248756 html/swishxx/faq.html 5243 SWISH++ FAQ
  1 68587 html/swishxx/features.html 15025 SWISH++ Features

accepting
  1 137174 html/swishxx/features.html 15025 SWISH++ Features

access
  1 137174 html/swishxx/features.html 15025 SWISH++ Features

accessed
  1 137174 html/swishxx/features.html 15025 SWISH++ Features

achieved
  1 137174 html/swishxx/features.html 15025 SWISH++ Features

added
  1 137174 html/swishxx/features.html 15025 SWISH++ Features

additionally
  1 82918 html/swishxx/faq.html 5243 SWISH++ FAQ
  4 26031 html/swishxx/features.html 15025 SWISH++ Features
  1 93632 html/swishxx/index.html 4860 SWISH++

adds
  1 763358 html/swishxx/to-do.html 3654 SWISH++ To-Do List

adjustments
  1 497512 html/swishxx/faq.html 5243 SWISH++ FAQ

algorithm
  1 497512 html/swishxx/faq.html 5243 SWISH++ FAQ

algorithms
  1 137174 html/swishxx/features.html 15025 SWISH++ Features

allocation
  1 137174 html/swishxx/features.html 15025 SWISH++ Features

allows
  2 73341 html/swishxx/features.html 15025 SWISH++ Features

alt
  3 50748 html/swishxx/features.html 15025 SWISH++ Features

altavista
  1 763358 html/swishxx/to-do.html 3654 SWISH++ To-Do List

alter
  1 763358 html/swishxx/to-do.html 3654 SWISH++ To-Do List

alternatively
  1 137174 html/swishxx/features.html 15025 SWISH++ Features

answer
  2 265998 html/swishxx/faq.html 5243 SWISH++ FAQ

answers
  1 561797 html/swishxx/index.html 4860 SWISH++

application
  1 497512 html/swishxx/faq.html 5243 SWISH++ FAQ

applications
  2 73341 html/swishxx/features.html 15025 SWISH++ Features

apply
  2 73341 html/swishxx/features.html 15025 SWISH++ Features

apropos
  1 137174 html/swishxx/features.html 15025 SWISH++ Features

architecture
  2 73341 html/swishxx/features.html 15025 SWISH++ Features

area
  2 73341 html/swishxx/features.html 15025 SWISH++ Features

arithmetic
  1 137174 html/swishxx/features.html 15025 SWISH++ Features

artist
  1 137174 html/swishxx/features.html 15025 SWISH++ Features

as-is
  2 265998 html/swishxx/faq.html 5243 SWISH++ FAQ

ascii
  2 73341 html/swishxx/features.html 15025 SWISH++ Features

asked
  2 177332 html/swishxx/faq.html 5243 SWISH++ FAQ
  1 187265 html/swishxx/index.html 4860 SWISH++

assist
  1 137174 html/swishxx/features.html 15025 SWISH++ Features

associated
  1 137174 html/swishxx/features.html 15025 SWISH++ Features

associates
  4 39047 html/swishxx/features.html 15025 SWISH++ Features

attachments
  3 50748 html/swishxx/features.html 15025 SWISH++ Features

attains
  1 137174 html/swishxx/features.html 15025 SWISH++ Features

attributes
  8 20712 html/swishxx/features.html 15025 SWISH++ Features

author
  2 73341 html/swishxx/features.html 15025 SWISH++ Features

automatically
  1 137174 html/swishxx/features.html 15025 SWISH++ Features

avl
  1 137174 html/swishxx/features.html 15025 SWISH++ Features

back
  1 68587 html/swishxx/features.html 15025 SWISH++ Features
  1 280898 html/swishxx/index.html 4860 SWISH++

background
  1 137174 html/swishxx/features.html 15025 SWISH++ Features

base-64
  1 137174 html/swishxx/features.html 15025 SWISH++ Features

based
  2 48894 html/swishxx/features.html 15025 SWISH++ Features
  1 187265 html/swishxx/index.html 4860 SWISH++

basis
  1 497512 html/swishxx/faq.html 5243 SWISH++ FAQ

belonging
  1 137174 html/swishxx/features.html 15025 SWISH++ Features

benefit
  1 137174 html/swishxx/features.html 15025 SWISH++ Features

big-bang
  1 137174 html/swishxx/features.html 15025 SWISH++ Features

binaries
  2 265998 html/swishxx/faq.html 5243 SWISH++ FAQ

binary
  1 137174 html/swishxx/features.html 15025 SWISH++ Features

bodies
  1 137174 html/swishxx/features.html 15025 SWISH++ Features

border
  1 561797 html/swishxx/index.html 4860 SWISH++

bringing
  1 137174 html/swishxx/features.html 15025 SWISH++ Features

buffers
  1 137174 html/swishxx/features.html 15025 SWISH++ Features

build
  2 265998 html/swishxx/faq.html 5243 SWISH++ FAQ

burn
  1 137174 html/swishxx/features.html 15025 SWISH++ Features

calculator
  1 763358 html/swishxx/to-do.html 3654 SWISH++ To-Do List

call
  1 137174 html/swishxx/features.html 15025 SWISH++ Features

calls
  2 73341 html/swishxx/features.html 15025 SWISH++ Features

case
  1 137174 html/swishxx/features.html 15025 SWISH++ Features

causing
  1 137174 html/swishxx/features.html 15025 SWISH++ Features

certain
  1 497512 html/swishxx/faq.html 5243 SWISH++ FAQ

chances
  1 497512 html/swishxx/faq.html 5243 SWISH++ FAQ

change
  1 561797 html/swishxx/index.html 4860 SWISH++

changed
  1 497512 html/swishxx/faq.html 5243 SWISH++ FAQ

character
  3 50748 html/swishxx/features.html 15025 SWISH++ Features

characters
  1 137174 html/swishxx/features.html 15025 SWISH++ Features

check
  1 248756 html/swishxx/faq.html 5243 SWISH++ FAQ
  1 280898 html/swishxx/index.html 4860 SWISH++

chiefly
  1 137174 html/swishxx/features.html 15025 SWISH++ Features

choose
  1 497512 html/swishxx/faq.html 5243 SWISH++ FAQ

christoph
  1 561797 html/swishxx/index.html 4860 SWISH++

circumvent
  1 561797 html/swishxx/index.html 4860 SWISH++

class
  1 137174 html/swishxx/features.html 15025 SWISH++ Features

classes
  1 137174 html/swishxx/features.html 15025 SWISH++ Features

clearly
  1 137174 html/swishxx/features.html 15025 SWISH++ Features

code
  4 56648 html/swishxx/faq.html 5243 SWISH++ FAQ
  3 15224 html/swishxx/features.html 15025 SWISH++ Features
  3 62351 html/swishxx/index.html 4860 SWISH++

collections
  3 38061 html/swishxx/features.html 15025 SWISH++ Features
  1 140449 html/swishxx/index.html 4860 SWISH++

command
  4 39047 html/swishxx/features.html 15025 SWISH++ Features

commands
  1 561797 html/swishxx/index.html 4860 SWISH++

comment
  1 763358 html/swishxx/to-do.html 3654 SWISH++ To-Do List

commented
  2 48894 html/swishxx/features.html 15025 SWISH++ Features
  1 187265 html/swishxx/index.html 4860 SWISH++

comments
  1 137174 html/swishxx/features.html 15025 SWISH++ Features

common
  1 137174 html/swishxx/features.html 15025 SWISH++ Features

compile
  1 561797 html/swishxx/index.html 4860 SWISH++

compiler
  2 300369 html/swishxx/index.html 4860 SWISH++

complete
  1 248756 html/swishxx/faq.html 5243 SWISH++ FAQ
  1 280898 html/swishxx/index.html 4860 SWISH++

compressed
  1 137174 html/swishxx/features.html 15025 SWISH++ Features

conf
  1 1785714 html/swishxx/documentation.html 5499 SWISH++ Documentation

config
  1 497512 html/swishxx/faq.html 5243 SWISH++ FAQ

configuration
  1 248756 html/swishxx/faq.html 5243 SWISH++ FAQ
  1 381679 html/swishxx/to-do.html 3654 SWISH++ To-Do List

configured
  1 497512 html/swishxx/faq.html 5243 SWISH++ FAQ

congress
  1 497512 html/swishxx/faq.html 5243 SWISH++ FAQ

conrad
  1 561797 html/swishxx/index.html 4860 SWISH++

constraining
  4 217295 html/swishxx/to-do.html 3654 SWISH++ To-Do List

contain
  1 137174 html/swishxx/features.html 15025 SWISH++ Features

content
  2 73341 html/swishxx/features.html 15025 SWISH++ Features

contributing
  1 137174 html/swishxx/features.html 15025 SWISH++ Features

convert
  1 137174 html/swishxx/features.html 15025 SWISH++ Features

converted
  2 73341 html/swishxx/features.html 15025 SWISH++ Features

copy
  1 561797 html/swishxx/index.html 4860 SWISH++

cost
  1 68587 html/swishxx/features.html 15025 SWISH++ Features
  1 280898 html/swishxx/index.html 4860 SWISH++

crash
  2 73341 html/swishxx/features.html 15025 SWISH++ Features

custom
  1 763358 html/swishxx/to-do.html 3654 SWISH++ To-Do List

cygwin
  1 561797 html/swishxx/index.html 4860 SWISH++

daemon
  1 137174 html/swishxx/features.html 15025 SWISH++ Features

dangerous
  1 137174 html/swishxx/features.html 15025 SWISH++ Features

data
  2 48894 html/swishxx/features.html 15025 SWISH++ Features
  1 254452 html/swishxx/to-do.html 3654 SWISH++ To-Do List

decide
  1 137174 html/swishxx/features.html 15025 SWISH++ Features

decoded
  1 137174 html/swishxx/features.html 15025 SWISH++ Features

describe
  1 497512 html/swishxx/faq.html 5243 SWISH++ FAQ

describing
  1 561797 html/swishxx/index.html 4860 SWISH++

description
  1 137174 html/swishxx/features.html 15025 SWISH++ Features

desired
  2 265998 html/swishxx/faq.html 5243 SWISH++ FAQ

developed
  1 561797 html/swishxx/index.html 4860 SWISH++

difficulties
  1 561797 html/swishxx/index.html 4860 SWISH++

directive
  2 408135 html/swishxx/to-do.html 3654 SWISH++ To-Do List

directly
  1 137174 html/swishxx/features.html 15025 SWISH++ Features

disk
  1 137174 html/swishxx/features.html 15025 SWISH++ Features

distibutions
  1 497512 html/swishxx/faq.html 5243 SWISH++ FAQ

distribution
  1 1785714 html/swishxx/documentation.html 5499 SWISH++ Documentation

document
  2 73341 html/swishxx/features.html 15025 SWISH++ Features

documentation
  4 225918 html/swishxx/documentation.html 5499 SWISH++ Documentation
  5 64175 html/swishxx/faq.html 5243 SWISH++ FAQ

documented
  1 561797 html/swishxx/index.html 4860 SWISH++

documents
  5 52507 html/swishxx/faq.html 5243 SWISH++ FAQ
  5 14477 html/swishxx/features.html 15025 SWISH++ Features
  1 51072 html/swishxx/index.html 4860 SWISH++

doing
  2 73341 html/swishxx/features.html 15025 SWISH++ Features

domain
  1 137174 html/swishxx/features.html 15025 SWISH++ Features

download
  2 300369 html/swishxx/index.html 4860 SWISH++

dtd
  1 137174 html/swishxx/features.html 15025 SWISH++ Features

dynamic
  1 137174 html/swishxx/features.html 15025 SWISH++ Features

easily
  1 137174 html/swishxx/features.html 15025 SWISH++ Features

easy
  1 763358 html/swishxx/to-do.html 3654 SWISH++ To-Do List

easy-to-parse
  2 73341 html/swishxx/features.html 15025 SWISH++ Features

element
  4 39047 html/swishxx/features.html 15025 SWISH++ Features

elements
  6 26958 html/swishxx/features.html 15025 SWISH++ Features

employs
  1 137174 html/swishxx/features.html 15025 SWISH++ Features

enabling
  1 137174 html/swishxx/features.html 15025 SWISH++ Features

encoded
  1 137174 html/swishxx/features.html 15025 SWISH++ Features

encodings
  1 137174 html/swishxx/features.html 15025 SWISH++ Features

engine
  1 82918 html/swishxx/faq.html 5243 SWISH++ FAQ
  3 25374 html/swishxx/features.html 15025 SWISH++ Features
  1 93632 html/swishxx/index.html 4860 SWISH++
  1 127226 html/swishxx/to-do.html 3654 SWISH++ To-Do List

english
  3 184056 html/swishxx/faq.html 5243 SWISH++ FAQ

enriched
  1 137174 html/swishxx/features.html 15025 SWISH++ Features

entry
  2 300369 html/swishxx/index.html 4860 SWISH++

environment
  1 137174 html/swishxx/features.html 15025 SWISH++ Features

equivalent
  1 137174 html/swishxx/features.html 15025 SWISH++ Features

essentially
  1 137174 html/swishxx/features.html 15025 SWISH++ Features

exec
  1 137174 html/swishxx/features.html 15025 SWISH++ Features

exhausting
  1 137174 html/swishxx/features.html 15025 SWISH++ Features

existing
  1 137174 html/swishxx/features.html 15025 SWISH++ Features

expect
  1 497512 html/swishxx/faq.html 5243 SWISH++ FAQ

explicit
  1 137174 html/swishxx/features.html 15025 SWISH++ Features

expression
  3 282407 html/swishxx/to-do.html 3654 SWISH++ To-Do List

extract
  1 892857 html/swishxx/documentation.html 5499 SWISH++ Documentation
  1 68587 html/swishxx/features.html 15025 SWISH++ Features

extract_meta
  1 137174 html/swishxx/features.html 15025 SWISH++ Features

fact
  1 497512 html/swishxx/faq.html 5243 SWISH++ FAQ

factors
  1 137174 html/swishxx/features.html 15025 SWISH++ Features

fails
  1 497512 html/swishxx/faq.html 5243 SWISH++ FAQ

fairly
  1 763358 html/swishxx/to-do.html 3654 SWISH++ To-Do List

faq
  2 132999 html/swishxx/faq.html 5243 SWISH++ FAQ
  2 150184 html/swishxx/index.html 4860 SWISH++

fast
  1 68587 html/swishxx/features.html 15025 SWISH++ Features
  1 280898 html/swishxx/index.html 4860 SWISH++

faster
  1 137174 html/swishxx/features.html 15025 SWISH++ Features

fault
  1 137174 html/swishxx/features.html 15025 SWISH++ Features

feature
  3 138042 html/swishxx/faq.html 5243 SWISH++ FAQ
  1 34293 html/swishxx/features.html 15025 SWISH++ Features

features
  6 23107 html/swishxx/features.html 15025 SWISH++ Features
  1 80256 html/swishxx/index.html 4860 SWISH++

fields
  4 39047 html/swishxx/features.html 15025 SWISH++ Features

file
  2 29555 html/swishxx/faq.html 5243 SWISH++ FAQ
  8 9205 html/swishxx/features.html 15025 SWISH++ Features
  3 34639 html/swishxx/index.html 4860 SWISH++
  5 49234 html/swishxx/to-do.html 3654 SWISH++ To-Do List

file_size
  1 137174 html/swishxx/features.html 15025 SWISH++ Features

file_title
  2 73341 html/swishxx/features.html 15025 SWISH++ Features

filename
  1 137174 html/swishxx/features.html 15025 SWISH++ Features

files
  24 6233 html/swishxx/features.html 15025 SWISH++ Features
  3 21500 html/swishxx/index.html 4860 SWISH++
  2 28147 html/swishxx/to-do.html 3654 SWISH++ To-Do List

filtered
  2 73341 html/swishxx/features.html 15025 SWISH++ Features

filters
  3 50748 html/swishxx/features.html 15025 SWISH++ Features

find
  1 497512 html/swishxx/faq.html 5243 SWISH++ FAQ

finite
  1 497512 html/swishxx/faq.html 5243 SWISH++ FAQ

following
  1 68587 html/swishxx/features.html 15025 SWISH++ Features
  1 280898 html/swishxx/index.html 4860 SWISH++

footers
  1 137174 html/swishxx/features.html 15025 SWISH++ Features

fork
  1 137174 html/swishxx/features.html 15025 SWISH++ Features

form
  1 137174 html/swishxx/features.html 15025 SWISH++ Features

format
  4 31238 html/swishxx/features.html 15025 SWISH++ Features
  1 112359 html/swishxx/index.html 4860 SWISH++

formats
  1 137174 html/swishxx/features.html 15025 SWISH++ Features

free
  4 159919 html/swishxx/index.html 4860 SWISH++

frequently
  2 177332 html/swishxx/faq.html 5243 SWISH++ FAQ
  1 187265 html/swishxx/index.html 4860 SWISH++

freshmeat
  2 300369 html/swishxx/index.html 4860 SWISH++

front-end
  1 561797 html/swishxx/index.html 4860 SWISH++

full
  1 497512 html/swishxx/faq.html 5243 SWISH++ FAQ

fully
  1 561797 html/swishxx/index.html 4860 SWISH++

function
  5 31850 html/swishxx/features.html 15025 SWISH++ Features

functionality
  1 137174 html/swishxx/features.html 15025 SWISH++ Features

generally
  1 497512 html/swishxx/faq.html 5243 SWISH++ FAQ

generated
  1 137174 html/swishxx/features.html 15025 SWISH++ Features

generation
  1 137174 html/swishxx/features.html 15025 SWISH++ Features

generic
  1 561797 html/swishxx/index.html 4860 SWISH++

generously
  2 48894 html/swishxx/features.html 15025 SWISH++ Features
  1 187265 html/swishxx/index.html 4860 SWISH++

given
  1 1785714 html/swishxx/documentation.html 5499 SWISH++ Documentation

giving
  1 497512 html/swishxx/faq.html 5243 SWISH++ FAQ

goes
  1 137174 html/swishxx/features.html 15025 SWISH++ Features

grep
  1 497512 html/swishxx/faq.html 5243 SWISH++ FAQ

handles
  2 48894 html/swishxx/features.html 15025 SWISH++ Features
  1 187265 html/swishxx/index.html 4860 SWISH++

happens
  1 561797 html/swishxx/index.html 4860 SWISH++

hawking
  1 137174 html/swishxx/features.html 15025 SWISH++ Features

headers
  3 50748 html/swishxx/features.html 15025 SWISH++ Features

heavily
  1 137174 html/swishxx/features.html 15025 SWISH++ Features

height
  1 561797 html/swishxx/index.html 4860 SWISH++

heuristics
  1 248756 html/swishxx/faq.html 5243 SWISH++ FAQ
  1 68587 html/swishxx/features.html 15025 SWISH++ Features

home
  1 165837 html/swishxx/faq.html 5243 SWISH++ FAQ
  2 200246 html/swishxx/index.html 4860 SWISH++

href
  1 561797 html/swishxx/index.html 4860 SWISH++

html
  8 18410 html/swishxx/features.html 15025 SWISH++ Features
  1 62421 html/swishxx/index.html 4860 SWISH++

httpindex
  1 892857 html/swishxx/documentation.html 5499 SWISH++ Documentation
  1 68587 html/swishxx/features.html 15025 SWISH++ Features

i'll
  1 137174 html/swishxx/features.html 15025 SWISH++ Features

i've
  2 265998 html/swishxx/faq.html 5243 SWISH++ FAQ

icon
  3 207839 html/swishxx/index.html 4860 SWISH++

id3
  4 39047 html/swishxx/features.html 15025 SWISH++ Features

identifier
  1 497512 html/swishxx/faq.html 5243 SWISH++ FAQ

ignore
  1 137174 html/swishxx/features.html 15025 SWISH++ Features

img
  1 137174 html/swishxx/features.html 15025 SWISH++ Features

immediate
  1 137174 html/swishxx/features.html 15025 SWISH++ Features

immediately
  1 137174 html/swishxx/features.html 15025 SWISH++ Features

implement
  1 137174 html/swishxx/features.html 15025 SWISH++ Features

implemented
  2 73341 html/swishxx/features.html 15025 SWISH++ Features

impossible
  1 137174 html/swishxx/features.html 15025 SWISH++ Features

improvement
  1 137174 html/swishxx/features.html 15025 SWISH++ Features

include
  1 124378 html/swishxx/faq.html 5243 SWISH++ FAQ
  3 211805 html/swishxx/to-do.html 3654 SWISH++ To-Do List

included
  1 297619 html/swishxx/documentation.html 5499 SWISH++ Documentation
  3 25374 html/swishxx/features.html 15025 SWISH++ Features
  2 100123 html/swishxx/index.html 4860 SWISH++

including
  1 137174 html/swishxx/features.html 15025 SWISH++ Features

increased
  1 137174 html/swishxx/features.html 15025 SWISH++ Features

incrementally
  3 50748 html/swishxx/features.html 15025 SWISH++ Features

index
  2 57863 html/swishxx/documentation.html 5499 SWISH++ Documentation
  7 18009 html/swishxx/faq.html 5243 SWISH++ FAQ
  21 5422 html/swishxx/features.html 15025 SWISH++ Features
  3 18894 html/swishxx/index.html 4860 SWISH++

indexed
  5 31850 html/swishxx/features.html 15025 SWISH++ Features

indexer
  2 408135 html/swishxx/to-do.html 3654 SWISH++ To-Do List

indexes
  7 23409 html/swishxx/features.html 15025 SWISH++ Features

indexing
  4 24629 html/swishxx/faq.html 5243 SWISH++ FAQ
  15 7579 html/swishxx/features.html 15025 SWISH++ Features
  3 27109 html/swishxx/index.html 4860 SWISH++
  1 33189 html/swishxx/to-do.html 3654 SWISH++ To-Do List

indices
  1 137174 html/swishxx/features.html 15025 SWISH++ Features

infinite
  1 497512 html/swishxx/faq.html 5243 SWISH++ FAQ

initialization
  1 137174 html/swishxx/features.html 15025 SWISH++ Features

inlining
  1 137174 html/swishxx/features.html 15025 SWISH++ Features

inner
  1 137174 html/swishxx/features.html 15025 SWISH++ Features

input
  2 73341 html/swishxx/features.html 15025 SWISH++ Features

insertions
  1 137174 html/swishxx/features.html 15025 SWISH++ Features

instantaneous
  1 561797 html/swishxx/index.html 4860 SWISH++

intelligently
  2 73341 html/swishxx/features.html 15025 SWISH++ Features

intentionally
  1 497512 html/swishxx/faq.html 5243 SWISH++ FAQ

interfaces
  1 137174 html/swishxx/features.html 15025 SWISH++ Features

interoperability
  1 137174 html/swishxx/features.html 15025 SWISH++ Features

introduction
  1 561797 html/swishxx/index.html 4860 SWISH++

iso-8859-1
  2 73341 html/swishxx/features.html 15025 SWISH++ Features

keywords
  1 763358 html/swishxx/to-do.html 3654 SWISH++ To-Do List

knees
  1 137174 html/swishxx/features.html 15025 SWISH++ Features

language
  3 184056 html/swishxx/faq.html 5243 SWISH++ FAQ

large
  4 31238 html/swishxx/features.html 15025 SWISH++ Features
  1 112359 html/swishxx/index.html 4860 SWISH++

lastly
  1 248756 html/swishxx/faq.html 5243 SWISH++ FAQ
  1 68587 html/swishxx/features.html 15025 SWISH++ Features

latex
  4 39047 html/swishxx/features.html 15025 SWISH++ Features

lebowitz
  1 561797 html/swishxx/index.html 4860 SWISH++

library
  1 165837 html/swishxx/faq.html 5243 SWISH++ FAQ
  1 45724 html/swishxx/features.html 15025 SWISH++ Features
  1 187265 html/swishxx/index.html 4860 SWISH++

library's
  1 137174 html/swishxx/features.html 15025 SWISH++ Features

lightning-fast
  4 31238 html/swishxx/features.html 15025 SWISH++ Features
  1 112359 html/swishxx/index.html 4860 SWISH++

link
  1 561797 html/swishxx/index.html 4860 SWISH++

linux
  2 265998 html/swishxx/faq.html 5243 SWISH++ FAQ

list
  2 24447 html/swishxx/features.html 15025 SWISH++ Features
  1 93632 html/swishxx/index.html 4860 SWISH++
  3 141203 html/swishxx/to-do.html 3654 SWISH++ To-Do List

little
  1 137174 html/swishxx/features.html 15025 SWISH++ Features

local
  1 137174 html/swishxx/features.html 15025 SWISH++ Features

look-ups
  1 137174 html/swishxx/features.html 15025 SWISH++ Features

looked
  1 763358 html/swishxx/to-do.html 3654 SWISH++ To-Do List

loops
  1 137174 html/swishxx/features.html 15025 SWISH++ Features

lots
  1 137174 html/swishxx/features.html 15025 SWISH++ Features

machine
  1 248756 html/swishxx/faq.html 5243 SWISH++ FAQ
  1 68587 html/swishxx/features.html 15025 SWISH++ Features

mail
  2 73341 html/swishxx/features.html 15025 SWISH++ Features

management
  1 45724 html/swishxx/features.html 15025 SWISH++ Features
  2 272090 html/swishxx/to-do.html 3654 SWISH++ To-Do List

manual
  2 73341 html/swishxx/features.html 15025 SWISH++ Features

maps
  2 73341 html/swishxx/features.html 15025 SWISH++ Features

markup
  1 137174 html/swishxx/features.html 15025 SWISH++ Features

matches
  2 408135 html/swishxx/to-do.html 3654 SWISH++ To-Do List

matching
  5 177243 html/swishxx/to-do.html 3654 SWISH++ To-Do List

means
  1 137174 html/swishxx/features.html 15025 SWISH++ Features

mechanism
  1 137174 html/swishxx/features.html 15025 SWISH++ Features

memory
  4 40463 html/swishxx/faq.html 5243 SWISH++ FAQ
  7 11704 html/swishxx/features.html 15025 SWISH++ Features
  3 60515 html/swishxx/to-do.html 3654 SWISH++ To-Do List

menus
  1 137174 html/swishxx/features.html 15025 SWISH++ Features

merges
  1 137174 html/swishxx/features.html 15025 SWISH++ Features

meta
  8 20712 html/swishxx/features.html 15025 SWISH++ Features

microsoft
  3 25374 html/swishxx/features.html 15025 SWISH++ Features
  3 103919 html/swishxx/index.html 4860 SWISH++

mime
  1 137174 html/swishxx/features.html 15025 SWISH++ Features

mmap
  4 39047 html/swishxx/features.html 15025 SWISH++ Features

modify
  1 137174 html/swishxx/features.html 15025 SWISH++ Features

modular
  2 73341 html/swishxx/features.html 15025 SWISH++ Features

module
  1 137174 html/swishxx/features.html 15025 SWISH++ Features

modules
  1 137174 html/swishxx/features.html 15025 SWISH++ Features

mp3
  3 50748 html/swishxx/features.html 15025 SWISH++ Features

multi-threaded
  1 137174 html/swishxx/features.html 15025 SWISH++ Features

naive
  1 497512 html/swishxx/faq.html 5243 SWISH++ FAQ

name
  4 31238 html/swishxx/features.html 15025 SWISH++ Features
  1 152671 html/swishxx/to-do.html 3654 SWISH++ To-Do List

names
  6 26958 html/swishxx/features.html 15025 SWISH++ Features

near
  1 561797 html/swishxx/index.html 4860 SWISH++

necessary
  1 497512 html/swishxx/faq.html 5243 SWISH++ FAQ

need
  2 177332 html/swishxx/faq.html 5243 SWISH++ FAQ
  1 45724 html/swishxx/features.html 15025 SWISH++ Features

negative
  1 763358 html/swishxx/to-do.html 3654 SWISH++ To-Do List

network
  1 137174 html/swishxx/features.html 15025 SWISH++ Features

news
  2 73341 html/swishxx/features.html 15025 SWISH++ Features

nice
  1 763358 html/swishxx/to-do.html 3654 SWISH++ To-Do List

non-features
  1 137174 html/swishxx/features.html 15025 SWISH++ Features

non-text
  3 38061 html/swishxx/features.html 15025 SWISH++ Features
  1 140449 html/swishxx/index.html 4860 SWISH++

notified
  2 300369 html/swishxx/index.html 4860 SWISH++

number
  2 265998 html/swishxx/faq.html 5243 SWISH++ FAQ

object
  1 137174 html/swishxx/features.html 15025 SWISH++ Features

occurrence
  1 497512 html/swishxx/faq.html 5243 SWISH++ FAQ

occurs
  1 137174 html/swishxx/features.html 15025 SWISH++ Features

odds
  1 497512 html/swishxx/faq.html 5243 SWISH++ FAQ

office
  2 48894 html/swishxx/features.html 15025 SWISH++ Features
  1 187265 html/swishxx/index.html 4860 SWISH++

on-the-fly
  4 39047 html/swishxx/features.html 15025 SWISH++ Features

operating
  2 73341 html/swishxx/features.html 15025 SWISH++ Features

operator
  1 763358 html/swishxx/to-do.html 3654 SWISH++ To-Do List

optimal
  1 497512 html/swishxx/faq.html 5243 SWISH++ FAQ

option
  1 137174 html/swishxx/features.html 15025 SWISH++ Features

optional
  2 73341 html/swishxx/features.html 15025 SWISH++ Features

order
  1 165837 html/swishxx/faq.html 5243 SWISH++ FAQ
  2 272090 html/swishxx/to-do.html 3654 SWISH++ To-Do List

output
  1 137174 html/swishxx/features.html 15025 SWISH++ Features

outputs
  1 137174 html/swishxx/features.html 15025 SWISH++ Features

package
  2 177332 html/swishxx/faq.html 5243 SWISH++ FAQ
  1 187265 html/swishxx/index.html 4860 SWISH++

packages
  1 497512 html/swishxx/faq.html 5243 SWISH++ FAQ

page
  1 62189 html/swishxx/faq.html 5243 SWISH++ FAQ
  5 19906 html/swishxx/features.html 15025 SWISH++ Features
  2 75092 html/swishxx/index.html 4860 SWISH++

pages
  1 561797 html/swishxx/index.html 4860 SWISH++

paid
  1 137174 html/swishxx/features.html 15025 SWISH++ Features

parameters
  2 265998 html/swishxx/faq.html 5243 SWISH++ FAQ

parse
  1 137174 html/swishxx/features.html 15025 SWISH++ Features

parsing
  1 137174 html/swishxx/features.html 15025 SWISH++ Features

partial
  1 137174 html/swishxx/features.html 15025 SWISH++ Features

path
  1 137174 html/swishxx/features.html 15025 SWISH++ Features

path_name
  1 137174 html/swishxx/features.html 15025 SWISH++ Features

pattern
  3 282407 html/swishxx/to-do.html 3654 SWISH++ To-Do List

patterns
  1 68587 html/swishxx/features.html 15025 SWISH++ Features
  1 381679 html/swishxx/to-do.html 3654 SWISH++ To-Do List

pdf
  10 183074 html/swishxx/documentation.html 5499 SWISH++ Documentation
  2 12223 html/swishxx/features.html 15025 SWISH++ Features

per-machine
  1 497512 html/swishxx/faq.html 5243 SWISH++ FAQ

perform
  1 137174 html/swishxx/features.html 15025 SWISH++ Features

performance
  1 248756 html/swishxx/faq.html 5243 SWISH++ FAQ
  1 68587 html/swishxx/features.html 15025 SWISH++ Features

performed
  1 137174 html/swishxx/features.html 15025 SWISH++ Features

period
  1 248756 html/swishxx/faq.html 5243 SWISH++ FAQ
  1 68587 html/swishxx/features.html 15025 SWISH++ Features

perl
  2 48894 html/swishxx/features.html 15025 SWISH++ Features
  1 187265 html/swishxx/index.html 4860 SWISH++

permits
  1 137174 html/swishxx/features.html 15025 SWISH++ Features

physical
  1 137174 html/swishxx/features.html 15025 SWISH++ Features

placing
  1 137174 html/swishxx/features.html 15025 SWISH++ Features

plain
  3 50748 html/swishxx/features.html 15025 SWISH++ Features

please
  1 561797 html/swishxx/index.html 4860 SWISH++

pointer
  1 137174 html/swishxx/features.html 15025 SWISH++ Features

pointers
  1 137174 html/swishxx/features.html 15025 SWISH++ Features

poor
  1 497512 html/swishxx/faq.html 5243 SWISH++ FAQ

pop-up
  1 137174 html/swishxx/features.html 15025 SWISH++ Features

ported
  1 561797 html/swishxx/index.html 4860 SWISH++

positive
  1 763358 html/swishxx/to-do.html 3654 SWISH++ To-Do List

possibility
  1 763358 html/swishxx/to-do.html 3654 SWISH++ To-Do List

possible
  1 763358 html/swishxx/to-do.html 3654 SWISH++ To-Do List

precompiled
  2 265998 html/swishxx/faq.html 5243 SWISH++ FAQ

prior
  2 73341 html/swishxx/features.html 15025 SWISH++ Features

problems
  1 137174 html/swishxx/features.html 15025 SWISH++ Features

process
  1 137174 html/swishxx/features.html 15025 SWISH++ Features

professor
  1 137174 html/swishxx/features.html 15025 SWISH++ Features

properly
  1 137174 html/swishxx/features.html 15025 SWISH++ Features

properties
  1 137174 html/swishxx/features.html 15025 SWISH++ Features

provided
  1 561797 html/swishxx/index.html 4860 SWISH++

queried
  5 31850 html/swishxx/features.html 15025 SWISH++ Features

query
  1 68587 html/swishxx/features.html 15025 SWISH++ Features
  1 381679 html/swishxx/to-do.html 3654 SWISH++ To-Do List

question
  1 561797 html/swishxx/index.html 4860 SWISH++

questions
  2 177332 html/swishxx/faq.html 5243 SWISH++ FAQ
  1 187265 html/swishxx/index.html 4860 SWISH++

quoted-printable
  1 137174 html/swishxx/features.html 15025 SWISH++ Features

rank
  2 73341 html/swishxx/features.html 15025 SWISH++ Features

ranked
  1 497512 html/swishxx/faq.html 5243 SWISH++ FAQ

read
  3 110433 html/swishxx/faq.html 5243 SWISH++ FAQ
  2 29336 html/swishxx/features.html 15025 SWISH++ Features

recursively
  1 497512 html/swishxx/faq.html 5243 SWISH++ FAQ

red-black
  1 137174 html/swishxx/features.html 15025 SWISH++ Features

references
  1 137174 html/swishxx/features.html 15025 SWISH++ Features

regular
  3 282407 html/swishxx/to-do.html 3654 SWISH++ To-Do List

releases
  1 561797 html/swishxx/index.html 4860 SWISH++

remote
  3 50748 html/swishxx/features.html 15025 SWISH++ Features

replacement
  1 137174 html/swishxx/features.html 15025 SWISH++ Features

requests
  1 137174 html/swishxx/features.html 15025 SWISH++ Features

requirements
  2 300369 html/swishxx/index.html 4860 SWISH++

results
  2 33249 html/swishxx/faq.html 5243 SWISH++ FAQ
  7 10241 html/swishxx/features.html 15025 SWISH++ Features
  7 56993 html/swishxx/to-do.html 3654 SWISH++ To-Do List

returning
  1 137174 html/swishxx/features.html 15025 SWISH++ Features

rewrite
  1 561797 html/swishxx/index.html 4860 SWISH++

robert
  1 561797 html/swishxx/index.html 4860 SWISH++

roxette
  1 137174 html/swishxx/features.html 15025 SWISH++ Features

rtf
  3 50748 html/swishxx/features.html 15025 SWISH++ Features

running
  1 137174 html/swishxx/features.html 15025 SWISH++ Features

sample
  1 561797 html/swishxx/index.html 4860 SWISH++

schema
  1 137174 html/swishxx/features.html 15025 SWISH++ Features

search-intensive
  1 137174 html/swishxx/features.html 15025 SWISH++ Features

searchd
  1 1785714 html/swishxx/documentation.html 5499 SWISH++ Documentation

searched
  1 137174 html/swishxx/features.html 15025 SWISH++ Features

searches
  1 68587 html/swishxx/features.html 15025 SWISH++ Features
  1 280898 html/swishxx/index.html 4860 SWISH++

searching
  1 49751 html/swishxx/faq.html 5243 SWISH++ FAQ
  6 16175 html/swishxx/features.html 15025 SWISH++ Features
  2 60073 html/swishxx/index.html 4860 SWISH++
  1 76335 html/swishxx/to-do.html 3654 SWISH++ To-Do List

searchmonitor
  1 1785714 html/swishxx/documentation.html 5499 SWISH++ Documentation

section
  4 406653 html/swishxx/documentation.html 5499 SWISH++ Documentation
  1 27434 html/swishxx/features.html 15025 SWISH++ Features

sections
  1 137174 html/swishxx/features.html 15025 SWISH++ Features

selectively
  2 73341 html/swishxx/features.html 15025 SWISH++ Features

separate
  2 73341 html/swishxx/features.html 15025 SWISH++ Features

seriously
  1 763358 html/swishxx/to-do.html 3654 SWISH++ To-Do List

server
  3 50748 html/swishxx/features.html 15025 SWISH++ Features

servers
  1 137174 html/swishxx/features.html 15025 SWISH++ Features

sets
  3 50748 html/swishxx/features.html 15025 SWISH++ Features

similarly
  1 137174 html/swishxx/features.html 15025 SWISH++ Features

simple
  1 248756 html/swishxx/faq.html 5243 SWISH++ FAQ
  1 68587 html/swishxx/features.html 15025 SWISH++ Features

simultaneously
  1 137174 html/swishxx/features.html 15025 SWISH++ Features

site
  1 45724 html/swishxx/features.html 15025 SWISH++ Features
  2 200246 html/swishxx/index.html 4860 SWISH++

sites
  3 38061 html/swishxx/features.html 15025 SWISH++ Features
  1 140449 html/swishxx/index.html 4860 SWISH++

size
  1 137174 html/swishxx/features.html 15025 SWISH++ Features

slac
  1 137174 html/swishxx/features.html 15025 SWISH++ Features

socket
  1 137174 html/swishxx/features.html 15025 SWISH++ Features

software
  1 124378 html/swishxx/faq.html 5243 SWISH++ FAQ
  3 155879 html/swishxx/index.html 4860 SWISH++

solve
  1 137174 html/swishxx/features.html 15025 SWISH++ Features

sophisticated
  1 137174 html/swishxx/features.html 15025 SWISH++ Features

source
  5 57758 html/swishxx/faq.html 5243 SWISH++ FAQ
  3 15224 html/swishxx/features.html 15025 SWISH++ Features
  2 60073 html/swishxx/index.html 4860 SWISH++

sourceforge
  1 561797 html/swishxx/index.html 4860 SWISH++

spaces
  1 137174 html/swishxx/features.html 15025 SWISH++ Features

specific
  1 137174 html/swishxx/features.html 15025 SWISH++ Features

specifically
  1 99502 html/swishxx/faq.html 5243 SWISH++ FAQ
  4 31238 html/swishxx/features.html 15025 SWISH++ Features

specified
  1 137174 html/swishxx/features.html 15025 SWISH++ Features

speed
  2 73341 html/swishxx/features.html 15025 SWISH++ Features

split
  1 137174 html/swishxx/features.html 15025 SWISH++ Features

splitmail
  1 1785714 html/swishxx/documentation.html 5499 SWISH++ Documentation

splits
  1 137174 html/swishxx/features.html 15025 SWISH++ Features

standard
  2 48894 html/swishxx/features.html 15025 SWISH++ Features
  1 187265 html/swishxx/index.html 4860 SWISH++

standby
  1 137174 html/swishxx/features.html 15025 SWISH++ Features

start-up
  1 137174 html/swishxx/features.html 15025 SWISH++ Features

stemming
  1 99502 html/swishxx/faq.html 5243 SWISH++ FAQ
  4 31238 html/swishxx/features.html 15025 SWISH++ Features

stl
  1 561797 html/swishxx/index.html 4860 SWISH++

stop-words
  1 497512 html/swishxx/faq.html 5243 SWISH++ FAQ

story
  1 497512 html/swishxx/faq.html 5243 SWISH++ FAQ

strings
  1 137174 html/swishxx/features.html 15025 SWISH++ Features

stripping
  2 73341 html/swishxx/features.html 15025 SWISH++ Features

structures
  1 68587 html/swishxx/features.html 15025 SWISH++ Features
  1 381679 html/swishxx/to-do.html 3654 SWISH++ To-Do List

subject
  1 137174 html/swishxx/features.html 15025 SWISH++ Features

subscribing
  1 561797 html/swishxx/index.html 4860 SWISH++

suffix
  2 73341 html/swishxx/features.html 15025 SWISH++ Features

summary
  1 137174 html/swishxx/features.html 15025 SWISH++ Features

supported
  2 73341 html/swishxx/features.html 15025 SWISH++ Features

swap
  1 137174 html/swishxx/features.html 15025 SWISH++ Features

swish-e
  2 36670 html/swishxx/features.html 15025 SWISH++ Features
  2 150184 html/swishxx/index.html 4860 SWISH++

swish-powered
  1 561797 html/swishxx/index.html 4860 SWISH++

swishplusplus
  1 561797 html/swishxx/index.html 4860 SWISH++

swishplusplus-6
  1 561797 html/swishxx/index.html 4860 SWISH++

syntax
  1 763358 html/swishxx/to-do.html 3654 SWISH++ To-Do List

system
  1 124378 html/swishxx/faq.html 5243 SWISH++ FAQ
  3 38061 html/swishxx/features.html 15025 SWISH++ Features

table
  1 137174 html/swishxx/features.html 15025 SWISH++ Features

tags
  5 31850 html/swishxx/features.html 15025 SWISH++ Features

takes
  1 497512 html/swishxx/faq.html 5243 SWISH++ FAQ

tcp
  1 137174 html/swishxx/features.html 15025 SWISH++ Features

technique
  1 137174 html/swishxx/features.html 15025 SWISH++ Features

tempdirectory_default
  1 497512 html/swishxx/faq.html 5243 SWISH++ FAQ

template
  1 68587 html/swishxx/features.html 15025 SWISH++ Features
  1 280898 html/swishxx/index.html 4860 SWISH++

text
  8 20712 html/swishxx/features.html 15025 SWISH++ Features

text-extraction
  1 137174 html/swishxx/features.html 15025 SWISH++ Features

there's
  1 137174 html/swishxx/features.html 15025 SWISH++ Features

things
  2 177332 html/swishxx/faq.html 5243 SWISH++ FAQ
  1 45724 html/swishxx/features.html 15025 SWISH++ Features

think
  1 763358 html/swishxx/to-do.html 3654 SWISH++ To-Do List

thought
  1 763358 html/swishxx/to-do.html 3654 SWISH++ To-Do List

time
  5 31850 html/swishxx/features.html 15025 SWISH++ Features

title
  6 23107 html/swishxx/features.html 15025 SWISH++ Features
  1 109051 html/swishxx/to-do.html 3654 SWISH++ To-Do List

titles
  2 408135 html/swishxx/to-do.html 3654 SWISH++ To-Do List

to-do
  1 34293 html/swishxx/features.html 15025 SWISH++ Features
  3 211805 html/swishxx/to-do.html 3654 SWISH++ To-Do List

tools
  1 561797 html/swishxx/index.html 4860 SWISH++

tree
  1 137174 html/swishxx/features.html 15025 SWISH++ Features

types
  1 137174 html/swishxx/features.html 15025 SWISH++ Features

typically
  1 165837 html/swishxx/faq.html 5243 SWISH++ FAQ
  1 45724 html/swishxx/features.html 15025 SWISH++ Features
  1 187265 html/swishxx/index.html 4860 SWISH++

uncompressed
  1 137174 html/swishxx/features.html 15025 SWISH++ Features

unfamiliar
  1 137174 html/swishxx/features.html 15025 SWISH++ Features

unix
  5 26541 html/swishxx/features.html 15025 SWISH++ Features
  1 93632 html/swishxx/index.html 4860 SWISH++

unix-based
  1 99502 html/swishxx/faq.html 5243 SWISH++ FAQ
  1 27434 html/swishxx/features.html 15025 SWISH++ Features
  2 120147 html/swishxx/index.html 4860 SWISH++
  1 152671 html/swishxx/to-do.html 3654 SWISH++ To-Do List

unix-style
  1 561797 html/swishxx/index.html 4860 SWISH++

useful
  2 106399 html/swishxx/faq.html 5243 SWISH++ FAQ
  3 30448 html/swishxx/features.html 15025 SWISH++ Features

users
  1 137174 html/swishxx/features.html 15025 SWISH++ Features

utf-16
  1 137174 html/swishxx/features.html 15025 SWISH++ Features

utf-7
  1 137174 html/swishxx/features.html 15025 SWISH++ Features

utf-8
  2 73341 html/swishxx/features.html 15025 SWISH++ Features

utility
  2 73341 html/swishxx/features.html 15025 SWISH++ Features

vcard
  1 137174 html/swishxx/features.html 15025 SWISH++ Features

vendor
  1 497512 html/swishxx/faq.html 5243 SWISH++ FAQ

vendors
  1 497512 html/swishxx/faq.html 5243 SWISH++ FAQ

versions
  1 248756 html/swishxx/faq.html 5243 SWISH++ FAQ
  1 68587 html/swishxx/features.html 15025 SWISH++ Features

virtual
  1 137174 html/swishxx/features.html 15025 SWISH++ Features

ways
  1 497512 html/swishxx/faq.html 5243 SWISH++ FAQ

weighted
  2 408135 html/swishxx/to-do.html 3654 SWISH++ To-Do List

weights
  1 763358 html/swishxx/to-do.html 3654 SWISH++ To-Do List

wget
  1 137174 html/swishxx/features.html 15025 SWISH++ Features

width
  1 561797 html/swishxx/index.html 4860 SWISH++

windows
  2 300369 html/swishxx/index.html 4860 SWISH++

word
  3 50748 html/swishxx/features.html 15025 SWISH++ Features

word-determination
  1 248756 html/swishxx/faq.html 5243 SWISH++ FAQ
  1 68587 html/swishxx/features.html 15025 SWISH++ Features

word_threshold
  1 497512 html/swishxx/faq.html 5243 SWISH++ FAQ

words
  6 26958 html/swishxx/features.html 15025 SWISH++ Features

work
  1 137174 html/swishxx/features.html 15025 SWISH++ Features

works
  1 137174 html/swishxx/features.html 15025 SWISH++ Features

worst-case
  1 137174 html/swishxx/features.html 15025 SWISH++ Features

written
  3 50748 html/swishxx/features.html 15025 SWISH++ Features

wrote
  1 137174 html/swishxx/features.html 15025 SWISH++ Features

www
  1 892857 html/swishxx/documentation.html 5499 SWISH++ Documentation
  1 68587 html/swishxx/features.html 15025 SWISH++ Features

xhtml
  5 31850 html/swishxx/features.html 15025 SWISH++ Features

xml
  4 39047 html/swishxx/features.html 15025 SWISH++ Features

yield
  1 248756 html/swishxx/faq.html 5243 SWISH++ FAQ
  1 68587 html/swishxx/features.html 15025 SWISH++ Features

