# results: 1
100 ./pdb.4 2728 PDB (Pilot Database) file format
