# results: 1
100 ./Gutenberg_License.txt 17308 Gutenberg_License.txt
