# results: 5
100 ./Christmas_Carol,_A.txt 162261 Christmas_Carol,_A.txt
22 ./GNU_GPLv2.txt 17982 GNU_GPLv2.txt
20 ./Gutenberg_License.txt 17308 Gutenberg_License.txt
7 ./Alice's_Adventures_in_Wonderland.txt 147773 Alice's_Adventures_in_Wonderland.txt
6 ./Time_Machine,_The.txt 182203 Time_Machine,_The.txt
