author
caveat
caveats
description
environment
example
exit-status
files
name
options
see-also
synopsis
