author
category
comment
company
keywords
manager
operator
subject
title
